// Jest Snapshot v1, https://goo.gl/fbAQLP

exports[`Drone component Matches the snapshot 1`] = `
<div
  className="drone"
/>
`;
